cls






















































:wq
>
>
>
> git commit -m"py-003'


>
>
>
>
> ls
> git commit -m"py-003'



git commit -m"py-003'







ls
[master b62d866] py-003'
 1 file changed, 7 insertions(+)
 create mode 100644 py-003
> git push origin master
> git commit -m"py-003'







ls
git push origin master
> git commit -m"py-003'







ls
git push origin master
git commit -m"py-003'







ls
git push origin master
On branch master
nothing to commit, working tree clean
README.md  py-001  py-002  py-003
Enumerating objects: 4, done.
Counting objects: 100% (4/4), done.
Delta compression using up to 4 threads
Compressing objects: 100% (3/3), done.
Writing objects: 100% (3/3), 376 bytes | 376.00 KiB/s, done.
Total 3 (delta 1), reused 0 (delta 0), pack-reused 0
remote: Resolving deltas: 100% (1/1), completed with 1 local object.
To https://github.com/njorogekel/mailing.git
   feffad9..b62d866  master -> master
> vi py-004
> git commit -m"py-003'







ls
git push origin master
vi py-004
> cd desktop
>



